<?xml version="1.0" encoding="UTF-8"?>
<testsuites name="jest tests" tests="8" failures="0" errors="0" time="5.614">
  <testsuite name="Test" errors="0" failures="0" skipped="0" timestamp="2022-02-10T13:18:26" time="5.499" tests="8">
    <testcase classname="fetches data successfully" name="fetches data successfully" time="0.074">
    </testcase>
    <testcase classname="API should return 10 users" name="API should return 10 users" time="0.074">
    </testcase>
    <testcase classname="sorts in ascending order" name="sorts in ascending order" time="0.074">
    </testcase>
    <testcase classname="sorts in descending order" name="sorts in descending order" time="0.074">
    </testcase>
    <testcase classname="filters by given name" name="filters by given name" time="0.074">
    </testcase>
    <testcase classname="returns empty array when no user matches" name="returns empty array when no user matches" time="0.074">
    </testcase>
    <testcase classname="populates the DOM correctly" name="populates the DOM correctly" time="0.074">
    </testcase>
    <testcase classname="clears the DOM when given an empty user list" name="clears the DOM when given an empty user list" time="0.074">
    </testcase>
  </testsuite>
</testsuites>